// Jest Snapshot v1, https://goo.gl/fbAQLP

exports[`renders without crashing 1`] = `
<span
  className="status-pill badge badge-pill badge-primary"
  style={
    Object {
      "backgroundColor": "grey",
    }
  }
>
  <div
    className="text"
  >
    Loading
  </div>
  <i
    className="fas fa-question-circle fa-lg"
    onBlur={[Function]}
    onFocus={[Function]}
    onMouseOut={[Function]}
    onMouseOver={[Function]}
  />
</span>
`;
