// Jest Snapshot v1, https://goo.gl/fbAQLP

exports[`renders without crashing 1`] = `
<div
  className="button-customization-page"
>
  <div
    className="row"
  >
    <div
      className="button-name col-md-10"
    >
      Primary button
      <span
        className="info-icon"
        onBlur={[Function]}
        onFocus={[Function]}
        onMouseOut={[Function]}
        onMouseOver={[Function]}
      >
        <i
          className="fas fa-info-circle"
        />
      </span>
    </div>
    <div
      className="col-md-2"
    >
      <button
        className="customizable-button"
        onMouseEnter={[Function]}
        onMouseLeave={[Function]}
        style={
          Object {
            "background": undefined,
            "borderColor": undefined,
            "color": undefined,
          }
        }
        type="button"
      >
        Example
      </button>
    </div>
  </div>
  <div
    className="collapsible-edit-area"
  >
    <div
      className="edit-collapse"
    >
      <a
        className="nav-link"
        href="#"
        onClick={[Function]}
        onKeyDown={[Function]}
        role="button"
      >
        Edit
        <i
          className="fas xs fa-chevron-down"
        />
      </a>
      <span
        className="fill-line"
      />
    </div>
    <div
      aria-expanded={null}
      className="content collapse"
    >
      <div
        className="theme-button-customization-container container"
      >
        <div>
          <div
            className="row"
          >
            <p
              className="style-name"
            >
              Active styles
            </p>
          </div>
          <div
            className="color-picker-group d-flex flex-row flex-wrap justify-content-between row"
          >
            <div
              className="color-picker-item"
            >
              <div
                className="color-input form-group"
              >
                <label
                  className="form-label"
                >
                  Button color
                </label>
                <div
                  className="align-items-center row"
                >
                  <div
                    className="d-flex align-items-center color-input-field"
                  >
                    <input
                      className="input-field-color form-control"
                      disabled={true}
                      name="btnPrimaryBg"
                      onClick={[Function]}
                      readOnly={true}
                      value=""
                    />
                    <div
                      className="input-field-preview"
                      style={
                        Object {
                          "backgroundColor": "",
                        }
                      }
                    />
                  </div>
                  <button
                    className="reset-value padded flex-grow"
                    onClick={[Function]}
                    type="button"
                  >
                    Reset
                  </button>
                </div>
              </div>
            </div>
            <div
              className="color-picker-item"
            >
              <div
                className="color-input form-group"
              >
                <label
                  className="form-label"
                >
                  Button text color
                </label>
                <div
                  className="align-items-center row"
                >
                  <div
                    className="d-flex align-items-center color-input-field"
                  >
                    <input
                      className="input-field-color form-control"
                      disabled={true}
                      name="btnPrimaryColor"
                      onClick={[Function]}
                      readOnly={true}
                      value=""
                    />
                    <div
                      className="input-field-preview"
                      style={
                        Object {
                          "backgroundColor": "",
                        }
                      }
                    />
                  </div>
                  <button
                    className="reset-value padded flex-grow"
                    onClick={[Function]}
                    type="button"
                  >
                    Reset
                  </button>
                </div>
              </div>
            </div>
            <div
              className="color-picker-item"
            >
              <div
                className="color-input form-group"
              >
                <label
                  className="form-label"
                >
                  Button border color
                </label>
                <div
                  className="align-items-center row"
                >
                  <div
                    className="d-flex align-items-center color-input-field"
                  >
                    <input
                      className="input-field-color form-control"
                      disabled={true}
                      name="btnPrimaryBorderColor"
                      onClick={[Function]}
                      readOnly={true}
                      value=""
                    />
                    <div
                      className="input-field-preview"
                      style={
                        Object {
                          "backgroundColor": "",
                        }
                      }
                    />
                  </div>
                  <button
                    className="reset-value padded flex-grow"
                    onClick={[Function]}
                    type="button"
                  >
                    Reset
                  </button>
                </div>
              </div>
            </div>
          </div>
        </div>
        <div>
          <div
            className="row"
          >
            <p
              className="style-name"
            >
              Hover state styles
            </p>
          </div>
          <div
            className="color-picker-group d-flex flex-row flex-wrap justify-content-between row"
          >
            <div
              className="color-picker-item"
            >
              <div
                className="color-input form-group"
              >
                <label
                  className="form-label"
                >
                  Button color on hover
                </label>
                <div
                  className="align-items-center row"
                >
                  <div
                    className="d-flex align-items-center color-input-field"
                  >
                    <input
                      className="input-field-color form-control"
                      disabled={true}
                      name="btnPrimaryHoverBg"
                      onClick={[Function]}
                      readOnly={true}
                      value=""
                    />
                    <div
                      className="input-field-preview"
                      style={
                        Object {
                          "backgroundColor": "",
                        }
                      }
                    />
                  </div>
                  <button
                    className="reset-value padded flex-grow"
                    onClick={[Function]}
                    type="button"
                  >
                    Reset
                  </button>
                </div>
              </div>
            </div>
            <div
              className="color-picker-item"
            >
              <div
                className="color-input form-group"
              >
                <label
                  className="form-label"
                >
                  Button text color on hover
                </label>
                <div
                  className="align-items-center row"
                >
                  <div
                    className="d-flex align-items-center color-input-field"
                  >
                    <input
                      className="input-field-color form-control"
                      disabled={true}
                      name="btnPrimaryHoverColor"
                      onClick={[Function]}
                      readOnly={true}
                      value=""
                    />
                    <div
                      className="input-field-preview"
                      style={
                        Object {
                          "backgroundColor": "",
                        }
                      }
                    />
                  </div>
                  <button
                    className="reset-value padded flex-grow"
                    onClick={[Function]}
                    type="button"
                  >
                    Reset
                  </button>
                </div>
              </div>
            </div>
            <div
              className="color-picker-item"
            >
              <div
                className="color-input form-group"
              >
                <label
                  className="form-label"
                >
                  Button border color on hover
                </label>
                <div
                  className="align-items-center row"
                >
                  <div
                    className="d-flex align-items-center color-input-field"
                  >
                    <input
                      className="input-field-color form-control"
                      disabled={true}
                      name="btnPrimaryHoverBorderColor"
                      onClick={[Function]}
                      readOnly={true}
                      value=""
                    />
                    <div
                      className="input-field-preview"
                      style={
                        Object {
                          "backgroundColor": "",
                        }
                      }
                    />
                  </div>
                  <button
                    className="reset-value padded flex-grow"
                    onClick={[Function]}
                    type="button"
                  >
                    Reset
                  </button>
                </div>
              </div>
            </div>
          </div>
        </div>
      </div>
    </div>
  </div>
</div>
`;
