// Jest Snapshot v1, https://goo.gl/fbAQLP

exports[`renders without crashing 1`] = `
<div
  className="app-container container-fluid"
>
  <nav
    className="navbar navbar-expand-md navbar-dark"
  >
    <div
      className="nav-container"
    >
      <span
        className="logo-container mr-auto order-0 navbar-brand"
      >
        <a
          aria-current={null}
          className="navbar-brand-link"
          href="/console"
          onClick={[Function]}
        >
          <svg
            className="site-logo"
          >
            <use
              xlinkHref="icons.svg#opencraft_logo"
            />
          </svg>
        </a>
      </span>
      <button
        aria-controls="basic-navbar-nav"
        aria-label="Toggle navigation"
        className="order-1 navbar-toggler collapsed"
        onClick={[Function]}
        type="button"
      >
        <span
          className="navbar-toggler-icon"
        />
      </button>
      <div
        aria-expanded={null}
        className="order-3 order-md-2 navbar-collapse collapse"
        id="basic-navbar-nav"
      >
        <div
          className="ml-auto navbar-nav"
          onKeyDown={[Function]}
        />
      </div>
      <div
        className="accounts-dropdown-nav order-2 order-md-3 navbar-nav"
        onKeyDown={[Function]}
      />
    </div>
  </nav>
  <div
    className="app-main row"
  />
  <footer
    className="app-footer align-items-center py-4 row"
    fluid="true"
  >
    <div
      className="text-center mx-2 my-2  col-lg-auto col-sm-12"
    >
      <a
        className="footer-link"
        href="https://opencraft.com"
        rel="noopener noreferrer"
        target="_blank"
      >
        How we work
      </a>
    </div>
    <div
      className="text-center mx-2 my-2 col-lg-auto col-sm-12"
    >
      <a
        className="footer-link"
        href="/#"
      >
        Support
      </a>
    </div>
    <div
      className="text-center mx-2 my-2 col-lg-auto col-sm-12"
    >
      <a
        className="footer-link"
        href="/#"
      >
        Contact
      </a>
    </div>
    <div
      className="text-center mx-2 my-2 col-lg-auto col-sm-12"
    >
      <a
        className="footer-link"
        href="/#"
      >
        Privacy
      </a>
    </div>
    <div
      className="copyright-trademarks text-center text-lg-right ml-auto mt-5 mt-lg-0 col-lg-auto col-sm-12"
    >
      © Opencraft 2013 - 2021
      <span
        className="mx-2"
      >
        |
      </span>
      edX and Open edX are registered trademarks of edX Inc.
    </div>
  </footer>
</div>
`;
