// Jest Snapshot v1, https://goo.gl/fbAQLP

exports[`renders without crashing 1`] = `
<div
  className="app-container container-fluid"
>
  <nav
    className="navbar navbar-expand-md navbar-dark"
  >
    <div
      className="nav-container"
    >
      <span
        className="logo-container mr-auto order-0 navbar-brand"
      >
        <a
          aria-current="page"
          className="navbar-brand-link active"
          href="/"
          onClick={[Function]}
          style={Object {}}
        >
          <svg
            className="site-logo"
          >
            <use
              xlinkHref="icons.svg#opencraft_logo"
            />
          </svg>
        </a>
      </span>
      <button
        aria-controls="basic-navbar-nav"
        aria-label="Toggle navigation"
        className="order-1 navbar-toggler collapsed"
        onClick={[Function]}
        type="button"
      >
        <span
          className="navbar-toggler-icon"
        />
      </button>
      <div
        aria-expanded={null}
        className="order-3 order-md-2 navbar-collapse collapse"
        id="basic-navbar-nav"
      >
        <div
          className="ml-auto navbar-nav"
          onKeyDown={[Function]}
        />
      </div>
      <div
        className="accounts-dropdown-nav order-2 order-md-3 navbar-nav"
        onKeyDown={[Function]}
      />
    </div>
  </nav>
  <div
    className="app-main row"
  />
  <footer
    className="app-footer align-items-center row"
  >
    <div
      className="col-auto mr-auto copyright col"
    >
      OpenCraft 2013-2020
    </div>
    <div
      className="col-auto trademarks col"
    >
      EdX and Open edX are registered trademarks of edX Inc. All rights reserved.
    </div>
  </footer>
</div>
`;
