// Jest Snapshot v1, https://goo.gl/fbAQLP

exports[`NoticeBoard tests Renders all notification types without crashing 1`] = `
<div
  className="console-page"
>
  <div
    className="d-flex justify-content-center align-middle redeployment-toolbar"
  >
    <div
      className="redeployment-nav"
    >
      <span
        className="status-pill badge badge-pill badge-primary"
        onBlur={[Function]}
        onFocus={[Function]}
        onMouseOut={[Function]}
        onMouseOver={[Function]}
      >
        <span
          className="dot"
          style={
            Object {
              "backgroundColor": "#ff9b04",
            }
          }
        />
        <div
          className="text"
        >
          Status: We're preparing your instance 
        </div>
      </span>
      <button
        className="float-right loading btn btn-primary btn-lg"
        disabled={true}
        onClick={[Function]}
        type="button"
      >
        Deploy (0 updates)
      </button>
    </div>
  </div>
  <div
    className="console-page-container"
  >
    <div
      className="console-page-content row"
    >
      <div
        className="container-fluid"
      >
        <div
          className="justify-content-center row"
        >
          <div
            className="col-md-7"
          >
            <div
              className="notice-board-heading"
            >
              <p>
                Notice Board
              </p>
            </div>
            <div
              className="deployment-notification mb-3"
            >
              <div
                className="p-3 d-flex deployment-notification-header bg-light-blue"
              >
                <div
                  className="d-flex"
                >
                  <i
                    className="mr-3 align-self-center fa fa-check-circle text-primary"
                  />
                </div>
                <div>
                  <p
                    className="m-0 deployment-notification-message text-secondary-1"
                  >
                    Deployment successful.
                  </p>
                  <p
                    className="m-0 deployment-notification-date text-secondary-2"
                  >
                    <small>
                      June 13, 2020
                    </small>
                  </p>
                </div>
                <a
                  className="d-flex expand-caret-button ml-auto text-primary nav-link"
                  href="#"
                  onClick={[Function]}
                  onKeyDown={[Function]}
                  role="button"
                >
                  <i
                    className="align-self-center fa fa-caret-down"
                  />
                </a>
              </div>
              <div
                aria-expanded={null}
                className="deployment-notification-body bg-light-blue collapse"
              >
                <div
                  className="p-3 align-middle"
                >
                  <ul>
                    <li>
                      Changed 
                      <span
                        className="bg-light-gray"
                      >
                        some_var1
                      </span>
                       from 
                      <span
                        className="bg-light-gray"
                      >
                        test
                      </span>
                       to 
                      <span
                        className="bg-light-gray"
                      >
                        test1
                      </span>
                    </li>
                    <li>
                      Changed 
                      <span
                        className="bg-light-gray"
                      >
                        theme_config.btn-secondary-bg
                      </span>
                       from 
                      <span
                        className="bg-light-gray"
                      >
                        #000000
                      </span>
                       to 
                      <span
                        className="bg-light-gray"
                      >
                        #FFFFFF
                      </span>
                    </li>
                    <li>
                      Added 
                      <span
                        className="bg-light-gray"
                      >
                        added-bg
                      </span>
                       with value 
                      <span
                        className="bg-light-gray"
                      >
                        #FFFFFF
                      </span>
                       in 
                      <span
                        className="bg-light-gray"
                      >
                        theme_config
                      </span>
                    </li>
                    <li>
                      Removed 
                      <span
                        className="bg-light-gray"
                      >
                        removed-bg
                      </span>
                       with value 
                      <span
                        className="bg-light-gray"
                      >
                        #FFFFFF
                      </span>
                       from 
                      <span
                        className="bg-light-gray"
                      >
                        theme_config
                      </span>
                    </li>
                    <li>
                      Added 
                      <span
                        className="bg-light-gray"
                      >
                        version
                      </span>
                       with value 
                      <span
                        className="bg-light-gray"
                      >
                        0
                      </span>
                       in 
                      <span
                        className="bg-light-gray"
                      >
                        static_content_overrides
                      </span>
                    </li>
                    <li>
                      Added 
                      <span
                        className="bg-light-gray"
                      >
                        homepage_overlay_html
                      </span>
                       with value 
                      <span
                        className="bg-light-gray"
                      >
                        &lt;h1&gt;Welcome to Wonderland&lt;/h1&gt;&lt;p&gt;It works! Powered by Open edX®&lt;/p&gt;
                      </span>
                       in 
                      <span
                        className="bg-light-gray"
                      >
                        static_content_overrides
                      </span>
                    </li>
                    <li>
                      Changed 
                      <span
                        className="bg-light-gray"
                      >
                        some_dict.version
                      </span>
                       from 
                      <span
                        className="bg-light-gray"
                      >
                        0
                      </span>
                       to 
                      <span
                        className="bg-light-gray"
                      >
                        1
                      </span>
                    </li>
                    <li>
                      Added 
                      <span
                        className="bg-light-gray"
                      >
                        instance_name
                      </span>
                       with value 
                      <span
                        className="bg-light-gray"
                      >
                        Wonderland
                      </span>
                    </li>
                    <li>
                      Removed 
                      <span
                        className="bg-light-gray"
                      >
                        some_var2
                      </span>
                       with value 
                      <span
                        className="bg-light-gray"
                      >
                        test
                      </span>
                    </li>
                  </ul>
                </div>
              </div>
            </div>
            <div
              className="deployment-notification mb-3"
            >
              <div
                className="p-3 d-flex deployment-notification-header bg-alert-red"
              >
                <div
                  className="d-flex"
                >
                  <i
                    className="mr-3 align-self-center fa fa-times-circle text-danger"
                  />
                </div>
                <div>
                  <p
                    className="m-0 deployment-notification-message text-secondary-1"
                  >
                    Deployment error.
                  </p>
                  <p
                    className="m-0 deployment-notification-date text-secondary-2"
                  >
                    <small>
                      June 13, 2020
                    </small>
                  </p>
                </div>
                <a
                  className="d-flex expand-caret-button ml-auto text-primary nav-link"
                  href="#"
                  onClick={[Function]}
                  onKeyDown={[Function]}
                  role="button"
                >
                  <i
                    className="align-self-center fa fa-caret-down"
                  />
                </a>
              </div>
              <div
                aria-expanded={null}
                className="deployment-notification-body bg-alert-red collapse"
              >
                <div
                  className="p-3 align-middle"
                >
                  <ul>
                    <li>
                      Changed 
                      <span
                        className="bg-light-gray"
                      >
                        some_var1
                      </span>
                       from 
                      <span
                        className="bg-light-gray"
                      >
                        test
                      </span>
                       to 
                      <span
                        className="bg-light-gray"
                      >
                        test1
                      </span>
                    </li>
                    <li>
                      Changed 
                      <span
                        className="bg-light-gray"
                      >
                        theme_config.btn-secondary-bg
                      </span>
                       from 
                      <span
                        className="bg-light-gray"
                      >
                        #000000
                      </span>
                       to 
                      <span
                        className="bg-light-gray"
                      >
                        #FFFFFF
                      </span>
                    </li>
                    <li>
                      Added 
                      <span
                        className="bg-light-gray"
                      >
                        added-bg
                      </span>
                       with value 
                      <span
                        className="bg-light-gray"
                      >
                        #FFFFFF
                      </span>
                       in 
                      <span
                        className="bg-light-gray"
                      >
                        theme_config
                      </span>
                    </li>
                    <li>
                      Removed 
                      <span
                        className="bg-light-gray"
                      >
                        removed-bg
                      </span>
                       with value 
                      <span
                        className="bg-light-gray"
                      >
                        #FFFFFF
                      </span>
                       from 
                      <span
                        className="bg-light-gray"
                      >
                        theme_config
                      </span>
                    </li>
                    <li>
                      Added 
                      <span
                        className="bg-light-gray"
                      >
                        version
                      </span>
                       with value 
                      <span
                        className="bg-light-gray"
                      >
                        0
                      </span>
                       in 
                      <span
                        className="bg-light-gray"
                      >
                        static_content_overrides
                      </span>
                    </li>
                    <li>
                      Added 
                      <span
                        className="bg-light-gray"
                      >
                        homepage_overlay_html
                      </span>
                       with value 
                      <span
                        className="bg-light-gray"
                      >
                        &lt;h1&gt;Welcome to Wonderland&lt;/h1&gt;&lt;p&gt;It works! Powered by Open edX®&lt;/p&gt;
                      </span>
                       in 
                      <span
                        className="bg-light-gray"
                      >
                        static_content_overrides
                      </span>
                    </li>
                    <li>
                      Changed 
                      <span
                        className="bg-light-gray"
                      >
                        some_dict.version
                      </span>
                       from 
                      <span
                        className="bg-light-gray"
                      >
                        0
                      </span>
                       to 
                      <span
                        className="bg-light-gray"
                      >
                        1
                      </span>
                    </li>
                    <li>
                      Added 
                      <span
                        className="bg-light-gray"
                      >
                        instance_name
                      </span>
                       with value 
                      <span
                        className="bg-light-gray"
                      >
                        Wonderland
                      </span>
                    </li>
                    <li>
                      Removed 
                      <span
                        className="bg-light-gray"
                      >
                        some_var2
                      </span>
                       with value 
                      <span
                        className="bg-light-gray"
                      >
                        test
                      </span>
                    </li>
                  </ul>
                </div>
              </div>
            </div>
            <div
              className="deployment-notification mb-3"
            >
              <div
                className="p-3 d-flex deployment-notification-header bg-light-gray"
              >
                <div
                  className="d-flex"
                >
                  <i
                    className="mr-3 align-self-center fa fa-stop-circle text-secondary"
                  />
                </div>
                <div>
                  <p
                    className="m-0 deployment-notification-message text-secondary-1"
                  >
                    Deployment offline.
                  </p>
                  <p
                    className="m-0 deployment-notification-date text-secondary-2"
                  >
                    <small>
                      June 13, 2020
                    </small>
                  </p>
                </div>
                <a
                  className="d-flex expand-caret-button ml-auto text-primary nav-link"
                  href="#"
                  onClick={[Function]}
                  onKeyDown={[Function]}
                  role="button"
                >
                  <i
                    className="align-self-center fa fa-caret-down"
                  />
                </a>
              </div>
              <div
                aria-expanded={null}
                className="deployment-notification-body bg-light-gray collapse"
              >
                <div
                  className="p-3 align-middle"
                >
                  <ul>
                    <li>
                      Changed 
                      <span
                        className="bg-light-gray"
                      >
                        some_var1
                      </span>
                       from 
                      <span
                        className="bg-light-gray"
                      >
                        test
                      </span>
                       to 
                      <span
                        className="bg-light-gray"
                      >
                        test1
                      </span>
                    </li>
                    <li>
                      Changed 
                      <span
                        className="bg-light-gray"
                      >
                        theme_config.btn-secondary-bg
                      </span>
                       from 
                      <span
                        className="bg-light-gray"
                      >
                        #000000
                      </span>
                       to 
                      <span
                        className="bg-light-gray"
                      >
                        #FFFFFF
                      </span>
                    </li>
                    <li>
                      Added 
                      <span
                        className="bg-light-gray"
                      >
                        added-bg
                      </span>
                       with value 
                      <span
                        className="bg-light-gray"
                      >
                        #FFFFFF
                      </span>
                       in 
                      <span
                        className="bg-light-gray"
                      >
                        theme_config
                      </span>
                    </li>
                    <li>
                      Removed 
                      <span
                        className="bg-light-gray"
                      >
                        removed-bg
                      </span>
                       with value 
                      <span
                        className="bg-light-gray"
                      >
                        #FFFFFF
                      </span>
                       from 
                      <span
                        className="bg-light-gray"
                      >
                        theme_config
                      </span>
                    </li>
                    <li>
                      Added 
                      <span
                        className="bg-light-gray"
                      >
                        version
                      </span>
                       with value 
                      <span
                        className="bg-light-gray"
                      >
                        0
                      </span>
                       in 
                      <span
                        className="bg-light-gray"
                      >
                        static_content_overrides
                      </span>
                    </li>
                    <li>
                      Added 
                      <span
                        className="bg-light-gray"
                      >
                        homepage_overlay_html
                      </span>
                       with value 
                      <span
                        className="bg-light-gray"
                      >
                        &lt;h1&gt;Welcome to Wonderland&lt;/h1&gt;&lt;p&gt;It works! Powered by Open edX®&lt;/p&gt;
                      </span>
                       in 
                      <span
                        className="bg-light-gray"
                      >
                        static_content_overrides
                      </span>
                    </li>
                    <li>
                      Changed 
                      <span
                        className="bg-light-gray"
                      >
                        some_dict.version
                      </span>
                       from 
                      <span
                        className="bg-light-gray"
                      >
                        0
                      </span>
                       to 
                      <span
                        className="bg-light-gray"
                      >
                        1
                      </span>
                    </li>
                    <li>
                      Added 
                      <span
                        className="bg-light-gray"
                      >
                        instance_name
                      </span>
                       with value 
                      <span
                        className="bg-light-gray"
                      >
                        Wonderland
                      </span>
                    </li>
                    <li>
                      Removed 
                      <span
                        className="bg-light-gray"
                      >
                        some_var2
                      </span>
                       with value 
                      <span
                        className="bg-light-gray"
                      >
                        test
                      </span>
                    </li>
                  </ul>
                </div>
              </div>
            </div>
            <div
              className="deployment-notification mb-3"
            >
              <div
                className="p-3 d-flex deployment-notification-header bg-alert-yellow-1"
              >
                <div
                  className="d-flex"
                >
                  <i
                    className="mr-3 align-self-center fa fa-info-circle text-alert-yellow-2"
                  />
                </div>
                <div>
                  <p
                    className="m-0 deployment-notification-message text-secondary-1"
                  >
                    Deployment in progress: provisioning.
                  </p>
                  <p
                    className="m-0 deployment-notification-date text-secondary-2"
                  >
                    <small>
                      June 13, 2020
                    </small>
                  </p>
                </div>
                <a
                  className="d-flex expand-caret-button ml-auto text-primary nav-link"
                  href="#"
                  onClick={[Function]}
                  onKeyDown={[Function]}
                  role="button"
                >
                  <i
                    className="align-self-center fa fa-caret-down"
                  />
                </a>
              </div>
              <div
                aria-expanded={null}
                className="deployment-notification-body bg-alert-yellow-1 collapse"
              >
                <div
                  className="p-3 align-middle"
                >
                  <ul>
                    <li>
                      Changed 
                      <span
                        className="bg-light-gray"
                      >
                        some_var1
                      </span>
                       from 
                      <span
                        className="bg-light-gray"
                      >
                        test
                      </span>
                       to 
                      <span
                        className="bg-light-gray"
                      >
                        test1
                      </span>
                    </li>
                    <li>
                      Changed 
                      <span
                        className="bg-light-gray"
                      >
                        theme_config.btn-secondary-bg
                      </span>
                       from 
                      <span
                        className="bg-light-gray"
                      >
                        #000000
                      </span>
                       to 
                      <span
                        className="bg-light-gray"
                      >
                        #FFFFFF
                      </span>
                    </li>
                    <li>
                      Added 
                      <span
                        className="bg-light-gray"
                      >
                        added-bg
                      </span>
                       with value 
                      <span
                        className="bg-light-gray"
                      >
                        #FFFFFF
                      </span>
                       in 
                      <span
                        className="bg-light-gray"
                      >
                        theme_config
                      </span>
                    </li>
                    <li>
                      Removed 
                      <span
                        className="bg-light-gray"
                      >
                        removed-bg
                      </span>
                       with value 
                      <span
                        className="bg-light-gray"
                      >
                        #FFFFFF
                      </span>
                       from 
                      <span
                        className="bg-light-gray"
                      >
                        theme_config
                      </span>
                    </li>
                    <li>
                      Added 
                      <span
                        className="bg-light-gray"
                      >
                        version
                      </span>
                       with value 
                      <span
                        className="bg-light-gray"
                      >
                        0
                      </span>
                       in 
                      <span
                        className="bg-light-gray"
                      >
                        static_content_overrides
                      </span>
                    </li>
                    <li>
                      Added 
                      <span
                        className="bg-light-gray"
                      >
                        homepage_overlay_html
                      </span>
                       with value 
                      <span
                        className="bg-light-gray"
                      >
                        &lt;h1&gt;Welcome to Wonderland&lt;/h1&gt;&lt;p&gt;It works! Powered by Open edX®&lt;/p&gt;
                      </span>
                       in 
                      <span
                        className="bg-light-gray"
                      >
                        static_content_overrides
                      </span>
                    </li>
                    <li>
                      Changed 
                      <span
                        className="bg-light-gray"
                      >
                        some_dict.version
                      </span>
                       from 
                      <span
                        className="bg-light-gray"
                      >
                        0
                      </span>
                       to 
                      <span
                        className="bg-light-gray"
                      >
                        1
                      </span>
                    </li>
                    <li>
                      Added 
                      <span
                        className="bg-light-gray"
                      >
                        instance_name
                      </span>
                       with value 
                      <span
                        className="bg-light-gray"
                      >
                        Wonderland
                      </span>
                    </li>
                    <li>
                      Removed 
                      <span
                        className="bg-light-gray"
                      >
                        some_var2
                      </span>
                       with value 
                      <span
                        className="bg-light-gray"
                      >
                        test
                      </span>
                    </li>
                  </ul>
                </div>
              </div>
            </div>
            <div
              className="deployment-notification mb-3"
            >
              <div
                className="p-3 d-flex deployment-notification-header bg-alert-yellow-1"
              >
                <div
                  className="d-flex"
                >
                  <i
                    className="mr-3 align-self-center fa fa-info-circle text-alert-yellow-2"
                  />
                </div>
                <div>
                  <p
                    className="m-0 deployment-notification-message text-secondary-1"
                  >
                    Deployment in progress: preparing.
                  </p>
                  <p
                    className="m-0 deployment-notification-date text-secondary-2"
                  >
                    <small>
                      June 13, 2020
                    </small>
                  </p>
                </div>
                <a
                  className="d-flex expand-caret-button ml-auto text-primary nav-link"
                  href="#"
                  onClick={[Function]}
                  onKeyDown={[Function]}
                  role="button"
                >
                  <i
                    className="align-self-center fa fa-caret-down"
                  />
                </a>
              </div>
              <div
                aria-expanded={null}
                className="deployment-notification-body bg-alert-yellow-1 collapse"
              >
                <div
                  className="p-3 align-middle"
                >
                  <ul>
                    <li>
                      Changed 
                      <span
                        className="bg-light-gray"
                      >
                        some_var1
                      </span>
                       from 
                      <span
                        className="bg-light-gray"
                      >
                        test
                      </span>
                       to 
                      <span
                        className="bg-light-gray"
                      >
                        test1
                      </span>
                    </li>
                    <li>
                      Changed 
                      <span
                        className="bg-light-gray"
                      >
                        theme_config.btn-secondary-bg
                      </span>
                       from 
                      <span
                        className="bg-light-gray"
                      >
                        #000000
                      </span>
                       to 
                      <span
                        className="bg-light-gray"
                      >
                        #FFFFFF
                      </span>
                    </li>
                    <li>
                      Added 
                      <span
                        className="bg-light-gray"
                      >
                        added-bg
                      </span>
                       with value 
                      <span
                        className="bg-light-gray"
                      >
                        #FFFFFF
                      </span>
                       in 
                      <span
                        className="bg-light-gray"
                      >
                        theme_config
                      </span>
                    </li>
                    <li>
                      Removed 
                      <span
                        className="bg-light-gray"
                      >
                        removed-bg
                      </span>
                       with value 
                      <span
                        className="bg-light-gray"
                      >
                        #FFFFFF
                      </span>
                       from 
                      <span
                        className="bg-light-gray"
                      >
                        theme_config
                      </span>
                    </li>
                    <li>
                      Added 
                      <span
                        className="bg-light-gray"
                      >
                        version
                      </span>
                       with value 
                      <span
                        className="bg-light-gray"
                      >
                        0
                      </span>
                       in 
                      <span
                        className="bg-light-gray"
                      >
                        static_content_overrides
                      </span>
                    </li>
                    <li>
                      Added 
                      <span
                        className="bg-light-gray"
                      >
                        homepage_overlay_html
                      </span>
                       with value 
                      <span
                        className="bg-light-gray"
                      >
                        &lt;h1&gt;Welcome to Wonderland&lt;/h1&gt;&lt;p&gt;It works! Powered by Open edX®&lt;/p&gt;
                      </span>
                       in 
                      <span
                        className="bg-light-gray"
                      >
                        static_content_overrides
                      </span>
                    </li>
                    <li>
                      Changed 
                      <span
                        className="bg-light-gray"
                      >
                        some_dict.version
                      </span>
                       from 
                      <span
                        className="bg-light-gray"
                      >
                        0
                      </span>
                       to 
                      <span
                        className="bg-light-gray"
                      >
                        1
                      </span>
                    </li>
                    <li>
                      Added 
                      <span
                        className="bg-light-gray"
                      >
                        instance_name
                      </span>
                       with value 
                      <span
                        className="bg-light-gray"
                      >
                        Wonderland
                      </span>
                    </li>
                    <li>
                      Removed 
                      <span
                        className="bg-light-gray"
                      >
                        some_var2
                      </span>
                       with value 
                      <span
                        className="bg-light-gray"
                      >
                        test
                      </span>
                    </li>
                  </ul>
                </div>
              </div>
            </div>
            <div
              className="deployment-notification mb-3"
            >
              <div
                className="p-3 d-flex deployment-notification-header bg-light-blue"
              >
                <div
                  className="d-flex"
                >
                  <i
                    className="mr-3 align-self-center fa fa-check-circle text-primary"
                  />
                </div>
                <div>
                  <p
                    className="m-0 deployment-notification-message text-secondary-1"
                  >
                    Deployment successful, changes pending.
                  </p>
                  <p
                    className="m-0 deployment-notification-date text-secondary-2"
                  >
                    <small>
                      June 13, 2020
                    </small>
                  </p>
                </div>
                <a
                  className="d-flex expand-caret-button ml-auto text-primary nav-link"
                  href="#"
                  onClick={[Function]}
                  onKeyDown={[Function]}
                  role="button"
                >
                  <i
                    className="align-self-center fa fa-caret-down"
                  />
                </a>
              </div>
              <div
                aria-expanded={null}
                className="deployment-notification-body bg-light-blue collapse"
              >
                <div
                  className="p-3 align-middle"
                >
                  <ul>
                    <li>
                      Changed 
                      <span
                        className="bg-light-gray"
                      >
                        some_var1
                      </span>
                       from 
                      <span
                        className="bg-light-gray"
                      >
                        test
                      </span>
                       to 
                      <span
                        className="bg-light-gray"
                      >
                        test1
                      </span>
                    </li>
                    <li>
                      Changed 
                      <span
                        className="bg-light-gray"
                      >
                        theme_config.btn-secondary-bg
                      </span>
                       from 
                      <span
                        className="bg-light-gray"
                      >
                        #000000
                      </span>
                       to 
                      <span
                        className="bg-light-gray"
                      >
                        #FFFFFF
                      </span>
                    </li>
                    <li>
                      Added 
                      <span
                        className="bg-light-gray"
                      >
                        added-bg
                      </span>
                       with value 
                      <span
                        className="bg-light-gray"
                      >
                        #FFFFFF
                      </span>
                       in 
                      <span
                        className="bg-light-gray"
                      >
                        theme_config
                      </span>
                    </li>
                    <li>
                      Removed 
                      <span
                        className="bg-light-gray"
                      >
                        removed-bg
                      </span>
                       with value 
                      <span
                        className="bg-light-gray"
                      >
                        #FFFFFF
                      </span>
                       from 
                      <span
                        className="bg-light-gray"
                      >
                        theme_config
                      </span>
                    </li>
                    <li>
                      Added 
                      <span
                        className="bg-light-gray"
                      >
                        version
                      </span>
                       with value 
                      <span
                        className="bg-light-gray"
                      >
                        0
                      </span>
                       in 
                      <span
                        className="bg-light-gray"
                      >
                        static_content_overrides
                      </span>
                    </li>
                    <li>
                      Added 
                      <span
                        className="bg-light-gray"
                      >
                        homepage_overlay_html
                      </span>
                       with value 
                      <span
                        className="bg-light-gray"
                      >
                        &lt;h1&gt;Welcome to Wonderland&lt;/h1&gt;&lt;p&gt;It works! Powered by Open edX®&lt;/p&gt;
                      </span>
                       in 
                      <span
                        className="bg-light-gray"
                      >
                        static_content_overrides
                      </span>
                    </li>
                    <li>
                      Changed 
                      <span
                        className="bg-light-gray"
                      >
                        some_dict.version
                      </span>
                       from 
                      <span
                        className="bg-light-gray"
                      >
                        0
                      </span>
                       to 
                      <span
                        className="bg-light-gray"
                      >
                        1
                      </span>
                    </li>
                    <li>
                      Added 
                      <span
                        className="bg-light-gray"
                      >
                        instance_name
                      </span>
                       with value 
                      <span
                        className="bg-light-gray"
                      >
                        Wonderland
                      </span>
                    </li>
                    <li>
                      Removed 
                      <span
                        className="bg-light-gray"
                      >
                        some_var2
                      </span>
                       with value 
                      <span
                        className="bg-light-gray"
                      >
                        test
                      </span>
                    </li>
                  </ul>
                </div>
              </div>
            </div>
          </div>
        </div>
      </div>
    </div>
  </div>
</div>
`;

exports[`NoticeBoard tests Renders message about non-existent instance if email is not verified 1`] = `
<div
  className="console-page"
>
  <div
    className="d-flex justify-content-center align-middle email-activation-alert"
  >
    <i
      className="alert-icon fas fa-exclamation-triangle fa-xs"
    />
    One of your email addresses is pending confirmation. Please confirm it to begin managing your Open edX instance.
  </div>
  <div
    className="console-page-container"
  >
    <div
      className="console-page-content row"
    >
      <div
        className="container-fluid"
      >
        <div
          className="justify-content-center row"
        >
          <div
            className="col-md-7"
          >
            <div
              className="notice-board-heading"
            >
              <p>
                Notice Board
              </p>
            </div>
            <p>
              There are no notifications available because your instance has not yet been created.
            </p>
          </div>
        </div>
      </div>
    </div>
  </div>
</div>
`;
