// Jest Snapshot v1, https://goo.gl/fbAQLP

exports[`Preview dropdown renders messages as options 1`] = `ReactWrapper {}`;

exports[`Preview dropdown renders without crashing 1`] = `
<div
  className="dropdown-container"
>
  <a
    className="nav-link"
    href="#"
    onClick={[Function]}
    onKeyDown={[Function]}
    role="button"
  >
    Dashboard
    <i
      className="fas xs fa-chevron-down"
    />
  </a>
  <span
    className="fill-line"
  />
  <div
    className="dropdown-items"
  >
    <div
      className="content"
    >
      <div
        aria-expanded={null}
        className="collapse"
      >
        <button
          onClick={[Function]}
          type="button"
        >
          <p>
            Dashboard
          </p>
        </button>
      </div>
    </div>
  </div>
</div>
`;
