// Jest Snapshot v1, https://goo.gl/fbAQLP

exports[`Theme preview page Render theme settings page when instance has no theme set up. 1`] = `
<div
  className="m-0 row"
>
  <div
    className="p-0 col-md-4"
  >
    <div
      className="preview-header d-flex justify-content-start"
    >
      <div
        className="dropdown-container d-flex flex-column align-items-center"
      >
        <a
          className="nav-link"
          href="#"
          onClick={[Function]}
          onKeyDown={[Function]}
          role="button"
        >
          Dashboard
          <i
            className="fas xs fa-chevron-down"
          />
        </a>
        <span
          className="fill-line"
        />
        <div
          className="dropdown-items align-items-center"
        >
          <div
            className="content d-flex flex-column"
          >
            <div
              aria-expanded={null}
              className="collapse"
            >
              <button
                className="d-inline-block"
                onClick={[Function]}
                type="button"
              >
                <p>
                  Dashboard
                </p>
              </button>
              <button
                className="d-inline-block"
                onClick={[Function]}
                type="button"
              >
                <p>
                  Course Outline
                </p>
              </button>
            </div>
          </div>
        </div>
      </div>
    </div>
  </div>
  <div
    className="p-0 align-items-start col-md-8"
  >
    <div
      className="notice-container d-flex justify-content-end"
    >
      This is only a preview. Publish changes to update the live site
    </div>
  </div>
  <div
    className="w-100 preview-box card"
  />
</div>
`;

exports[`Theme preview page renders without crashing 1`] = `
<div
  className="m-0 row"
>
  <div
    className="p-0 col-md-4"
  >
    <div
      className="preview-header d-flex justify-content-start"
    >
      <div
        className="dropdown-container d-flex flex-column align-items-center"
      >
        <a
          className="nav-link"
          href="#"
          onClick={[Function]}
          onKeyDown={[Function]}
          role="button"
        >
          Dashboard
          <i
            className="fas xs fa-chevron-down"
          />
        </a>
        <span
          className="fill-line"
        />
        <div
          className="dropdown-items align-items-center"
        >
          <div
            className="content d-flex flex-column"
          >
            <div
              aria-expanded={null}
              className="collapse"
            >
              <button
                className="d-inline-block"
                onClick={[Function]}
                type="button"
              >
                <p>
                  Dashboard
                </p>
              </button>
              <button
                className="d-inline-block"
                onClick={[Function]}
                type="button"
              >
                <p>
                  Course Outline
                </p>
              </button>
            </div>
          </div>
        </div>
      </div>
    </div>
  </div>
  <div
    className="p-0 align-items-start col-md-8"
  >
    <div
      className="notice-container d-flex justify-content-end"
    >
      This is only a preview. Publish changes to update the live site
    </div>
  </div>
  <div
    className="w-100 preview-box card"
  />
</div>
`;
