// Jest Snapshot v1, https://goo.gl/fbAQLP

exports[`renders without crashing 1`] = `
<div
  className="console-page"
>
  <div
    className="d-flex justify-content-center align-middle email-activation-alert"
  >
    <i
      className="alert-icon fas fa-exclamation-triangle fa-xs"
    />
    One of your email addresses is pending confirmation. Please confirm it to begin managing your Open edX instance.
  </div>
  <div
    className="new-console-page-container"
  >
    <div
      className="new-console-page-content row"
    >
      <div
        className="container-fluid"
      >
        <div
          className="justify-content-center console-page-inner-content row"
        >
          <div
            className="col-md-3"
          >
            <button
              className="back-button btn btn-link btn-sm"
              disabled={false}
              onClick={[Function]}
              type="button"
            >
              <span>
                <i
                  aria-hidden="true"
                  className="fa fa-angle-left sm"
                />
              </span>
              <span>
                Back
              </span>
            </button>
            <div>
              <h2
                className="edit-heading"
              >
                Navigation
              </h2>
              <div
                className="theme-navigation-container"
              >
                <div>
                  <div
                    className="color-input form-group"
                  >
                    <label
                      className="form-label"
                    >
                      Background
                    </label>
                    <div
                      className="align-items-center row"
                    >
                      <div
                        className="d-flex align-items-center color-input-field"
                      >
                        <input
                          className="input-field-color form-control"
                          disabled={true}
                          name="headerBg"
                          onClick={[Function]}
                          readOnly={true}
                          value=""
                        />
                        <div
                          className="input-field-preview"
                          style={
                            Object {
                              "backgroundColor": "",
                            }
                          }
                        />
                      </div>
                      <div
                        className="info-icon"
                        onBlur={[Function]}
                        onFocus={[Function]}
                        onMouseOut={[Function]}
                        onMouseOver={[Function]}
                      >
                        <i
                          className="fas fa-info-circle"
                        />
                      </div>
                    </div>
                    <p>
                      <button
                        className="reset-value"
                        onClick={[Function]}
                        type="button"
                      >
                        Reset
                      </button>
                    </p>
                  </div>
                  <div
                    className="color-input form-group"
                  >
                    <label
                      className="form-label"
                    >
                      Links
                    </label>
                    <div
                      className="align-items-center row"
                    >
                      <div
                        className="d-flex align-items-center color-input-field"
                      >
                        <input
                          className="input-field-color form-control"
                          disabled={true}
                          name="mainNavLinkColor"
                          onClick={[Function]}
                          readOnly={true}
                          value=""
                        />
                        <div
                          className="input-field-preview"
                          style={
                            Object {
                              "backgroundColor": "",
                            }
                          }
                        />
                      </div>
                      <div
                        className="info-icon"
                        onBlur={[Function]}
                        onFocus={[Function]}
                        onMouseOut={[Function]}
                        onMouseOver={[Function]}
                      >
                        <i
                          className="fas fa-info-circle"
                        />
                      </div>
                    </div>
                    <p>
                      <button
                        className="reset-value"
                        onClick={[Function]}
                        type="button"
                      >
                        Reset
                      </button>
                    </p>
                  </div>
                  <div
                    className="color-input form-group"
                  >
                    <label
                      className="form-label"
                    >
                      Active links
                    </label>
                    <div
                      className="align-items-center row"
                    >
                      <div
                        className="d-flex align-items-center color-input-field"
                      >
                        <input
                          className="input-field-color form-control"
                          disabled={true}
                          name="mainNavItemBorderBottomColor"
                          onClick={[Function]}
                          readOnly={true}
                          value=""
                        />
                        <div
                          className="input-field-preview"
                          style={
                            Object {
                              "backgroundColor": "",
                            }
                          }
                        />
                      </div>
                      <div
                        className="info-icon"
                        onBlur={[Function]}
                        onFocus={[Function]}
                        onMouseOut={[Function]}
                        onMouseOver={[Function]}
                      >
                        <i
                          className="fas fa-info-circle"
                        />
                      </div>
                    </div>
                    <p>
                      <button
                        className="reset-value"
                        onClick={[Function]}
                        type="button"
                      >
                        Reset
                      </button>
                    </p>
                  </div>
                  <div
                    className="color-input form-group"
                  >
                    <label
                      className="form-label"
                    >
                      Active link on hover
                    </label>
                    <div
                      className="align-items-center row"
                    >
                      <div
                        className="d-flex align-items-center color-input-field"
                      >
                        <input
                          className="input-field-color form-control"
                          disabled={true}
                          name="mainNavItemHoverBorderBottomColor"
                          onClick={[Function]}
                          readOnly={true}
                          value=""
                        />
                        <div
                          className="input-field-preview"
                          style={
                            Object {
                              "backgroundColor": "",
                            }
                          }
                        />
                      </div>
                      <div
                        className="info-icon"
                        onBlur={[Function]}
                        onFocus={[Function]}
                        onMouseOut={[Function]}
                        onMouseOver={[Function]}
                      >
                        <i
                          className="fas fa-info-circle"
                        />
                      </div>
                    </div>
                    <p>
                      <button
                        className="reset-value"
                        onClick={[Function]}
                        type="button"
                      >
                        Reset
                      </button>
                    </p>
                  </div>
                  <div
                    className="color-input form-group"
                  >
                    <label
                      className="form-label"
                    >
                      Dropdown arrow
                    </label>
                    <div
                      className="align-items-center row"
                    >
                      <div
                        className="d-flex align-items-center color-input-field"
                      >
                        <input
                          className="input-field-color form-control"
                          disabled={true}
                          name="userDropdownColor"
                          onClick={[Function]}
                          readOnly={true}
                          value=""
                        />
                        <div
                          className="input-field-preview"
                          style={
                            Object {
                              "backgroundColor": "",
                            }
                          }
                        />
                      </div>
                      <div
                        className="info-icon"
                        onBlur={[Function]}
                        onFocus={[Function]}
                        onMouseOut={[Function]}
                        onMouseOver={[Function]}
                      >
                        <i
                          className="fas fa-info-circle"
                        />
                      </div>
                    </div>
                    <p>
                      <button
                        className="reset-value"
                        onClick={[Function]}
                        type="button"
                      >
                        Reset
                      </button>
                    </p>
                  </div>
                </div>
              </div>
            </div>
          </div>
          <div
            className="col-md-7"
          >
            <div
              className="preview-box card"
            >
              <div
                className="theme-preview-navigation container-fluid"
              >
                <div
                  className="d-flex felx-row main-navigation-menu navigation-menu row"
                  style={
                    Object {
                      "background": undefined,
                    }
                  }
                >
                  <div
                    className="logo"
                  />
                  <div
                    className="flex-grow-1 d-flex flex-row ml-4 mr-4"
                  >
                    <div
                      className="course-header mr-4"
                    >
                      <span
                        className="course-org"
                      >
                        edX: Demox
                      </span>
                      <span
                        className="course-name"
                      >
                        Demonstration Course
                      </span>
                    </div>
                    <button
                      className="customizable-link"
                      onMouseEnter={[Function]}
                      onMouseLeave={[Function]}
                      style={
                        Object {
                          "borderBottomColor": undefined,
                          "color": undefined,
                        }
                      }
                      type="button"
                    >
                      Discover New
                    </button>
                  </div>
                  <div>
                    <div
                      className="navigation-menu navigation-submenu row"
                    >
                      <div
                        className="col"
                      >
                        <button
                          className="customizable-link noHover"
                          onMouseEnter={[Function]}
                          onMouseLeave={[Function]}
                          style={
                            Object {
                              "borderBottomColor": undefined,
                              "color": undefined,
                            }
                          }
                          type="button"
                        >
                          Help
                        </button>
                        <img
                          alt="Avatar"
                          src="avatar-default.png"
                        />
                        <button
                          className="customizable-link noHover"
                          onMouseEnter={[Function]}
                          onMouseLeave={[Function]}
                          style={
                            Object {
                              "borderBottomColor": undefined,
                              "color": undefined,
                            }
                          }
                          type="button"
                        >
                          JoeSoap
                        </button>
                        <button
                          className="customizable-link noHover"
                          onMouseEnter={[Function]}
                          onMouseLeave={[Function]}
                          style={
                            Object {
                              "borderBottomColor": undefined,
                              "color": undefined,
                            }
                          }
                          type="button"
                        >
                          <i
                            className="fas fa-caret-down"
                          />
                        </button>
                      </div>
                    </div>
                  </div>
                </div>
              </div>
              <div
                className="theme-outline"
              >
                <nav
                  className="theme-course-tabs navbar navbar-expand navbar-light bg-transparent"
                >
                  <div
                    className="mr-auto navbar-nav"
                    onKeyDown={[Function]}
                  >
                    <button
                      className="customizable-link active"
                      onMouseEnter={[Function]}
                      onMouseLeave={[Function]}
                      style={
                        Object {
                          "borderBottomColor": "#FFAAFF",
                          "color": "#FFAAFF",
                        }
                      }
                      type="button"
                    >
                      <span>
                        Course
                      </span>
                    </button>
                    <button
                      className="customizable-link"
                      onMouseEnter={[Function]}
                      onMouseLeave={[Function]}
                      style={
                        Object {
                          "borderBottomColor": undefined,
                          "color": undefined,
                        }
                      }
                      type="button"
                    >
                      <span>
                        Progress
                      </span>
                    </button>
                    <button
                      className="customizable-link"
                      onMouseEnter={[Function]}
                      onMouseLeave={[Function]}
                      style={
                        Object {
                          "borderBottomColor": undefined,
                          "color": undefined,
                        }
                      }
                      type="button"
                    >
                      <span>
                        Discussion
                      </span>
                    </button>
                    <button
                      className="customizable-link"
                      onMouseEnter={[Function]}
                      onMouseLeave={[Function]}
                      style={
                        Object {
                          "borderBottomColor": undefined,
                          "color": undefined,
                        }
                      }
                      type="button"
                    >
                      <span>
                        Wiki
                      </span>
                    </button>
                  </div>
                </nav>
                <div
                  className="theme-course-outline-view"
                >
                  <nav
                    className="outline-header navbar navbar-expand navbar-light"
                  >
                    <h2
                      className="m-0"
                    >
                      Demonstration Course
                    </h2>
                    <form
                      className="ml-auto mr-1 form-inline"
                    >
                      <input
                        className="mr-0 searchBox form-control"
                        placeholder="Search"
                        type="text"
                      />
                      <button
                        className="customizable-button"
                        onMouseEnter={[Function]}
                        onMouseLeave={[Function]}
                        style={
                          Object {
                            "background": undefined,
                            "borderColor": undefined,
                            "color": undefined,
                          }
                        }
                        type="button"
                      >
                        Search
                      </button>
                    </form>
                    <button
                      className="customizable-button"
                      onMouseEnter={[Function]}
                      onMouseLeave={[Function]}
                      style={
                        Object {
                          "background": undefined,
                          "borderColor": undefined,
                          "color": undefined,
                        }
                      }
                      type="button"
                    >
                      Start Course
                    </button>
                  </nav>
                  <div
                    className="outline-body"
                  >
                    <div
                      className="outline-container"
                    >
                      <div
                        className="outline-tree-action-wrapper"
                      >
                        <button
                          className="customizable-button"
                          onMouseEnter={[Function]}
                          onMouseLeave={[Function]}
                          style={
                            Object {
                              "background": undefined,
                              "borderColor": undefined,
                              "color": undefined,
                            }
                          }
                          type="button"
                        >
                          Expand All
                        </button>
                      </div>
                      <div
                        className="theme-course-outline-tree accordion"
                      >
                        <div
                          className="course-outline-section"
                        >
                          <button
                            className="toggle-btn btn btn-link"
                            disabled={false}
                            onClick={[Function]}
                            type="button"
                          >
                            <span
                              className="fa fa-chevron-right"
                              style={
                                Object {
                                  "color": "#FFAAFF",
                                }
                              }
                            />
                            Introduction
                          </button>
                          <div
                            aria-expanded={null}
                            className="collapse show"
                          >
                            <div
                              className="course-outline-subsection"
                            >
                              <button
                                className="customizable-link"
                                onMouseEnter={[Function]}
                                onMouseLeave={[Function]}
                                style={
                                  Object {
                                    "borderBottomColor": undefined,
                                    "color": "#FFAAFF",
                                  }
                                }
                                type="button"
                              >
                                Demo Course Overview
                              </button>
                            </div>
                          </div>
                        </div>
                        <div
                          className="course-outline-section"
                        >
                          <button
                            className="toggle-btn btn btn-link"
                            disabled={false}
                            onClick={[Function]}
                            type="button"
                          >
                            <span
                              className="fa fa-chevron-right"
                              style={
                                Object {
                                  "color": "#FFAAFF",
                                }
                              }
                            />
                            Example Week 1: Getting Started
                          </button>
                          <div
                            aria-expanded={null}
                            className="collapse"
                          >
                            <div
                              className="course-outline-subsection"
                            >
                              <button
                                className="customizable-link"
                                onMouseEnter={[Function]}
                                onMouseLeave={[Function]}
                                style={
                                  Object {
                                    "borderBottomColor": undefined,
                                    "color": "#FFAAFF",
                                  }
                                }
                                type="button"
                              >
                                Lesson 1 - Getting Started
                              </button>
                              <button
                                className="customizable-link"
                                onMouseEnter={[Function]}
                                onMouseLeave={[Function]}
                                style={
                                  Object {
                                    "borderBottomColor": undefined,
                                    "color": "#FFAAFF",
                                  }
                                }
                                type="button"
                              >
                                <span
                                  className="far fa-edit"
                                />
                                Homework - Question Styles (7 Questions)
                              </button>
                            </div>
                          </div>
                        </div>
                        <div
                          className="course-outline-section"
                        >
                          <button
                            className="toggle-btn btn btn-link"
                            disabled={false}
                            onClick={[Function]}
                            type="button"
                          >
                            <span
                              className="fa fa-chevron-right"
                              style={
                                Object {
                                  "color": "#FFAAFF",
                                }
                              }
                            />
                            Example Week 2: Get Interactive
                          </button>
                          <div
                            aria-expanded={null}
                            className="collapse"
                          >
                            <div
                              className="course-outline-subsection"
                            >
                              <button
                                className="customizable-link"
                                onMouseEnter={[Function]}
                                onMouseLeave={[Function]}
                                style={
                                  Object {
                                    "borderBottomColor": undefined,
                                    "color": "#FFAAFF",
                                  }
                                }
                                type="button"
                              >
                                Lesson 2 - Let's Get Interactive!
                              </button>
                              <button
                                className="customizable-link"
                                onMouseEnter={[Function]}
                                onMouseLeave={[Function]}
                                style={
                                  Object {
                                    "borderBottomColor": undefined,
                                    "color": "#FFAAFF",
                                  }
                                }
                                type="button"
                              >
                                Homework - Lab and Demos (5 Questions)
                              </button>
                              <button
                                className="customizable-link"
                                onMouseEnter={[Function]}
                                onMouseLeave={[Function]}
                                style={
                                  Object {
                                    "borderBottomColor": undefined,
                                    "color": "#FFAAFF",
                                  }
                                }
                                type="button"
                              >
                                Homework - Essays
                              </button>
                            </div>
                          </div>
                        </div>
                        <div
                          className="course-outline-section"
                        >
                          <button
                            className="toggle-btn btn btn-link"
                            disabled={false}
                            onClick={[Function]}
                            type="button"
                          >
                            <span
                              className="fa fa-chevron-right"
                              style={
                                Object {
                                  "color": "#FFAAFF",
                                }
                              }
                            />
                            Example Week 3: Be Social
                          </button>
                          <div
                            aria-expanded={null}
                            className="collapse"
                          >
                            <div
                              className="course-outline-subsection"
                            >
                              <button
                                className="customizable-link"
                                onMouseEnter={[Function]}
                                onMouseLeave={[Function]}
                                style={
                                  Object {
                                    "borderBottomColor": undefined,
                                    "color": "#FFAAFF",
                                  }
                                }
                                type="button"
                              >
                                Lesson 3 - Be Social
                              </button>
                              <button
                                className="customizable-link"
                                onMouseEnter={[Function]}
                                onMouseLeave={[Function]}
                                style={
                                  Object {
                                    "borderBottomColor": undefined,
                                    "color": "#FFAAFF",
                                  }
                                }
                                type="button"
                              >
                                Homework - Find Your Study Buddy
                              </button>
                              <button
                                className="customizable-link"
                                onMouseEnter={[Function]}
                                onMouseLeave={[Function]}
                                style={
                                  Object {
                                    "borderBottomColor": undefined,
                                    "color": "#FFAAFF",
                                  }
                                }
                                type="button"
                              >
                                More Ways to Connect
                              </button>
                            </div>
                          </div>
                        </div>
                        <div
                          className="course-outline-section"
                        >
                          <button
                            className="toggle-btn btn btn-link"
                            disabled={false}
                            onClick={[Function]}
                            type="button"
                          >
                            <span
                              className="fa fa-chevron-right"
                              style={
                                Object {
                                  "color": "#FFAAFF",
                                }
                              }
                            />
                            About Exams and Certificates
                          </button>
                          <div
                            aria-expanded={null}
                            className="collapse"
                          >
                            <div
                              className="course-outline-subsection"
                            >
                              <button
                                className="customizable-link"
                                onMouseEnter={[Function]}
                                onMouseLeave={[Function]}
                                style={
                                  Object {
                                    "borderBottomColor": undefined,
                                    "color": "#FFAAFF",
                                  }
                                }
                                type="button"
                              >
                                edX Exams (6 Questions)
                              </button>
                            </div>
                          </div>
                        </div>
                      </div>
                    </div>
                    <div
                      className="course-outline-sidebar"
                    >
                      <div
                        className="sidebar-section"
                      >
                        <h3
                          className="hd-6"
                        >
                          Course Tools
                        </h3>
                        <ul
                          className="list-unstyled"
                        >
                          <li>
                            <button
                              className="customizable-link"
                              onMouseEnter={[Function]}
                              onMouseLeave={[Function]}
                              style={
                                Object {
                                  "borderBottomColor": undefined,
                                  "color": "#FFAAFF",
                                }
                              }
                              type="button"
                            >
                              <i
                                className="fa fa-bookmark"
                              />
                              Bookmarks
                            </button>
                          </li>
                        </ul>
                      </div>
                      <div
                        className="sidebar-section"
                      >
                        <h3
                          className="hd-6"
                        >
                          Course Handouts
                        </h3>
                        <ol>
                          <li>
                            <button
                              className="customizable-link"
                              onMouseEnter={[Function]}
                              onMouseLeave={[Function]}
                              style={
                                Object {
                                  "borderBottomColor": undefined,
                                  "color": "#FFAAFF",
                                }
                              }
                              type="button"
                            >
                              Example handout
                            </button>
                          </li>
                        </ol>
                      </div>
                    </div>
                  </div>
                </div>
              </div>
              <div
                className="theme-footer row"
              >
                <div
                  className="col"
                >
                  <div
                    className="custom-footer"
                    style={
                      Object {
                        "background": undefined,
                      }
                    }
                  >
                    <div
                      className="row"
                    >
                      <div
                        className="col-md-4"
                      >
                        <div
                          className="footer-top-links row"
                        >
                          <button
                            className="customizable-link noHover"
                            onMouseEnter={[Function]}
                            onMouseLeave={[Function]}
                            style={
                              Object {
                                "borderBottomColor": undefined,
                                "color": undefined,
                              }
                            }
                            type="button"
                          >
                            <span>
                              About
                            </span>
                          </button>
                          <button
                            className="customizable-link noHover"
                            onMouseEnter={[Function]}
                            onMouseLeave={[Function]}
                            style={
                              Object {
                                "borderBottomColor": undefined,
                                "color": undefined,
                              }
                            }
                            type="button"
                          >
                            <span>
                              Blog
                            </span>
                          </button>
                          <button
                            className="customizable-link noHover"
                            onMouseEnter={[Function]}
                            onMouseLeave={[Function]}
                            style={
                              Object {
                                "borderBottomColor": undefined,
                                "color": undefined,
                              }
                            }
                            type="button"
                          >
                            <span>
                              Contact
                            </span>
                          </button>
                          <button
                            className="customizable-link noHover"
                            onMouseEnter={[Function]}
                            onMouseLeave={[Function]}
                            style={
                              Object {
                                "borderBottomColor": undefined,
                                "color": undefined,
                              }
                            }
                            type="button"
                          >
                            <span>
                              Donate
                            </span>
                          </button>
                        </div>
                      </div>
                      <div
                        className="col-md-5"
                      />
                      <div
                        className="openedx-logo col-md-3"
                      >
                        <img
                          alt="Open edX logo"
                          src="openedx-logo-footer.png"
                        />
                      </div>
                    </div>
                    <div
                      className="row"
                    >
                      <div
                        className="logo col-md-1"
                      />
                    </div>
                    <div
                      className="row"
                    >
                      <div
                        className="copyright"
                        style={
                          Object {
                            "color": undefined,
                          }
                        }
                      >
                        © test. 
                        All rights reserved except where noted. edX, Open edX and their respective logos are registered trademarks of edX Inc.
                      </div>
                    </div>
                    <div
                      className="legal row"
                    >
                      <button
                        className="customizable-link noHover"
                        onMouseEnter={[Function]}
                        onMouseLeave={[Function]}
                        style={
                          Object {
                            "borderBottomColor": undefined,
                            "color": undefined,
                          }
                        }
                        type="button"
                      >
                        <span>
                          Privacy Policy
                        </span>
                      </button>
                      <button
                        className="customizable-link noHover"
                        onMouseEnter={[Function]}
                        onMouseLeave={[Function]}
                        style={
                          Object {
                            "borderBottomColor": undefined,
                            "color": undefined,
                          }
                        }
                        type="button"
                      >
                        <span>
                          Terms of Service
                        </span>
                      </button>
                      <button
                        className="customizable-link noHover"
                        onMouseEnter={[Function]}
                        onMouseLeave={[Function]}
                        style={
                          Object {
                            "borderBottomColor": undefined,
                            "color": undefined,
                          }
                        }
                        type="button"
                      >
                        <span>
                          Honor Code
                        </span>
                      </button>
                      <button
                        className="customizable-link noHover"
                        onMouseEnter={[Function]}
                        onMouseLeave={[Function]}
                        style={
                          Object {
                            "borderBottomColor": undefined,
                            "color": undefined,
                          }
                        }
                        type="button"
                      >
                        <span>
                          Take free online courses at edX.org
                        </span>
                      </button>
                    </div>
                  </div>
                </div>
              </div>
            </div>
          </div>
        </div>
      </div>
    </div>
  </div>
</div>
`;
