// Jest Snapshot v1, https://goo.gl/fbAQLP

exports[`renders without crashing 1`] = `
<div
  className="content-page"
>
  <div
    className="title-container"
  >
    <h1>
      Log in to customize your instance
    </h1>
  </div>
  <div
    className="content-page-container"
  >
    <div
      className="content-page-content row"
    >
      <form
        className="login"
      >
        <div
          className="form-group"
        >
          <label
            className="form-label"
          >
            Username
          </label>
          <input
            className="form-control"
            name="username"
            onChange={[Function]}
            type="username"
          />
          <p>
             
          </p>
        </div>
        <div
          className="form-group"
        >
          <label
            className="form-label"
          >
            Password
          </label>
          <input
            className="form-control"
            name="password"
            onChange={[Function]}
            type="password"
            value=""
          />
          <p>
             
          </p>
        </div>
        <button
          className="pull-left loading btn btn-primary btn-lg"
          disabled={false}
          onClick={[Function]}
          type="button"
        >
          Login
        </button>
        <p
          className="forgot-password"
        >
          <a
            href="/#"
          >
            I forgot my password
          </a>
        </p>
      </form>
    </div>
  </div>
</div>
`;
