// Jest Snapshot v1, https://goo.gl/fbAQLP

exports[`renders without crashing 1`] = `
<div
  className="d-flex justify-content-center align-middle email-activation-alert"
>
  <i
    className="alert-icon fas fa-exclamation-triangle fa-xs"
  />
  One of your email addresses is pending confirmation. Please confirm it to begin managing your Open edX instance.
</div>
`;
