// Jest Snapshot v1, https://goo.gl/fbAQLP

exports[`renders without crashing 1`] = `
<div
  className="content-page"
>
  <div
    className="title-container"
  >
    <h1>
      Forgot password
    </h1>
  </div>
  <div
    className="content-page-container"
  >
    <div
      className="content-page-content row"
    >
      <form
        className="login"
        onKeyPress={[Function]}
      >
        <div
          className="text-input-container"
        >
          <div
            className="form-group"
          >
            <label
              className="form-label"
            >
              Email address*
            </label>
            <input
              className="form-control"
              name="email"
              onChange={[Function]}
              type="email"
              value=""
            />
            <p>
              Please use the email address that you used to register your instance.
            </p>
          </div>
        </div>
        <button
          className="pull-left loading btn btn-primary btn-lg"
          disabled={false}
          onClick={[Function]}
          type="button"
        >
          Reset password
        </button>
        <p
          className="forgot-password"
        >
           
          <a
            href="/login"
            onClick={[Function]}
          >
            Sign in
          </a>
        </p>
      </form>
    </div>
  </div>
</div>
`;
