// Jest Snapshot v1, https://goo.gl/fbAQLP

exports[`renders without crashing 1`] = `
<div
  className="registration-page"
>
  <h1>
    Pro & Teacher Account
  </h1>
  <div
    className="step-bar-container"
  >
    <div
      className="d-flex justify-content-center"
    >
      <div
        className="step-bar"
      >
        <svg
          className="step"
          viewBox="0 0 10 10"
          xmlns="http://www.w3.org/2000/svg"
        >
          <circle
            cx={5}
            cy={5}
            fill="#6d9cae"
            r={5}
          />
        </svg>
        <span
          className="line"
        />
        <svg
          className="step"
          viewBox="0 0 10 10"
          xmlns="http://www.w3.org/2000/svg"
        >
          <circle
            cx={5}
            cy={5}
            fill="#6d9cae"
            r={5}
          />
        </svg>
        <span
          className="line"
        />
        <svg
          className="step"
          viewBox="0 0 10 10"
          xmlns="http://www.w3.org/2000/svg"
        >
          <circle
            cx={5}
            cy={5}
            fill="#6d9cae"
            r={5}
          />
        </svg>
        <span
          className="line"
        />
        <svg
          className="circled-number"
          viewBox="0 0 20 20"
          xmlns="http://www.w3.org/2000/svg"
        >
          <circle
            className="outer-circle"
            cx={10}
            cy={10}
            r={10}
          />
          <circle
            className="inner-circle"
            cx={10}
            cy={10}
            r={7}
            strokeWidth={2}
          />
          <text
            className="circle-text"
            color="#1e4c59"
            dy="0.4em"
            fontSize="10px"
            strokeWidth="1px"
            textAnchor="middle"
            x="50%"
            y="50%"
          >
            4
          </text>
        </svg>
        <span
          className="line"
        />
      </div>
    </div>
  </div>
  <div
    className="registration-page-container"
  >
    <div
      className="registration-page-content row"
    >
      <div
        className="congrats-page"
      >
        <h1>
          Congratulations!
        </h1>
        <p>
          You have successfully created your OpenCraft account.
        </p>
        <p>
          We have sent you an email to verify your OpenCraft account email and your public contact email. If these are different email addresses, you will need to verify 
          <strong>
            both
          </strong>
           of them for your instance tobe activated. Please follow the link(s) that we emailed you to your emailaccount(s) complete your application process.
        </p>
        <div
          className="text-center"
        >
          <a
            aria-current={null}
            href="/console"
            onClick={[Function]}
          >
            <button
              className="btn btn-primary btn-lg"
              disabled={false}
              type="button"
            >
              Go To Console
            </button>
          </a>
        </div>
      </div>
    </div>
  </div>
</div>
`;
