// Jest Snapshot v1, https://goo.gl/fbAQLP

exports[`renders without crashing 1`] = `
<div
  className="d-flex justify-content-center align-middle redeployment-toolbar"
>
  <div
    className="redeployment-nav"
  >
    <span
      className="status-pill badge badge-pill badge-primary"
      onBlur={[Function]}
      onFocus={[Function]}
      onMouseOut={[Function]}
      onMouseOver={[Function]}
    >
      <span
        className="dot"
        style={
          Object {
            "backgroundColor": "grey",
          }
        }
      />
      <div
        className="text"
      >
        Status: loading
      </div>
    </span>
    <button
      className="float-right loading btn btn-primary btn-lg"
      disabled={true}
      onClick={[Function]}
      type="button"
    >
      Deploy ( updates)
    </button>
  </div>
</div>
`;
