// Jest Snapshot v1, https://goo.gl/fbAQLP

exports[`renders without crashing 1`] = `
<nav
  className="navbar navbar-expand-md navbar-dark"
>
  <div
    className="d-flex flex-wrap align-items-center justify-content-between px-4 py-3 container-fluid"
  >
    <span
      className="logo-container mr-auto order-0 navbar-brand"
    >
      <a
        aria-current={null}
        className="navbar-brand-link"
        href="/console"
        onClick={[Function]}
      >
        <svg
          className="site-logo"
        >
          <use
            xlinkHref="icons.svg#opencraft_logo"
          />
        </svg>
      </a>
    </span>
    <button
      aria-controls="basic-navbar-nav"
      aria-label="Toggle navigation"
      className="order-1 navbar-toggler collapsed"
      onClick={[Function]}
      type="button"
    >
      <span
        className="navbar-toggler-icon"
      />
    </button>
    <div
      aria-expanded={null}
      className="order-3 order-md-2 navbar-collapse collapse"
      id="basic-navbar-nav"
    >
      <div
        className="ml-auto navbar-nav"
        onKeyDown={[Function]}
      />
    </div>
    <div
      className="accounts-dropdown-nav order-2 order-md-3 navbar-nav"
      onKeyDown={[Function]}
    />
  </div>
</nav>
`;
