// Jest Snapshot v1, https://goo.gl/fbAQLP

exports[`Custom Side Menu Page Renders with correct accordion expanded, and with current page highlighted 1`] = `
<div
  className="new-customization-menu accordion"
>
  <div
    className="card"
  >
    <div
      className="card-header"
      onClick={[Function]}
      variant="link"
    >
      Theme
    </div>
    <div
      aria-expanded={null}
      className="collapse"
    >
      <div
        className="card-body"
      >
        <div
          className="flex-column nav card-header-undefined"
          onKeyDown={[Function]}
        >
          <a
            aria-current={null}
            href="/console/theming/preview-and-colors"
            onClick={[Function]}
          >
            Colors
          </a>
          <a
            aria-current={null}
            href="/console/theming/logos"
            onClick={[Function]}
          >
            Logos
          </a>
          <a
            aria-current={null}
            href="/console/theming/buttons"
            onClick={[Function]}
          >
            Buttons
          </a>
          <a
            aria-current={null}
            href="/console/theming/navigation"
            onClick={[Function]}
          >
            Navigation
          </a>
          <a
            aria-current={null}
            href="/console/theming/footer"
            onClick={[Function]}
          >
            Footer
          </a>
          <a
            aria-current={null}
            href="/console/theming/hero"
            onClick={[Function]}
          >
            Hero
          </a>
        </div>
      </div>
    </div>
  </div>
  <div
    className="card"
  >
    <div
      className="card-header"
      onClick={[Function]}
      variant="link"
    >
      Custom Pages
    </div>
    <div
      aria-expanded={null}
      className="collapse"
    >
      <div
        className="card-body"
      >
        <div
          className="flex-column nav card-header-undefined"
          onKeyDown={[Function]}
        >
          <a
            aria-current={null}
            href="/console/custom-pages/about"
            onClick={[Function]}
          >
            About
          </a>
          <a
            aria-current={null}
            href="/console/custom-pages/contact"
            onClick={[Function]}
          >
            Contact
          </a>
          <a
            aria-current={null}
            href="/console/custom-pages/donate"
            onClick={[Function]}
          >
            Donate
          </a>
          <a
            aria-current={null}
            href="/console/custom-pages/tos"
            onClick={[Function]}
          >
            Terms of Service
          </a>
          <a
            aria-current={null}
            href="/console/custom-pages/honor"
            onClick={[Function]}
          >
            Honor Code
          </a>
          <a
            aria-current={null}
            href="/console/custom-pages/privacy"
            onClick={[Function]}
          >
            Privacy Policy
          </a>
        </div>
      </div>
    </div>
  </div>
  <div
    className="card"
  >
    <div
      className="card-header"
      onClick={[Function]}
      variant="link"
    >
      Instance Settings
    </div>
    <div
      aria-expanded={null}
      className="collapse show"
    >
      <div
        className="card-body"
      >
        <div
          className="flex-column nav card-header-undefined"
          onKeyDown={[Function]}
        >
          <a
            aria-current={null}
            href="/console/settings/general"
            onClick={[Function]}
          >
            General
          </a>
          <a
            aria-current={null}
            href="/console/settings/domain"
            onClick={[Function]}
          >
            Domain
          </a>
        </div>
      </div>
    </div>
  </div>
  <div
    className="card"
  >
    <div
      className="card-header"
      onClick={[Function]}
      variant="link"
    >
      Courses (Studio)
    </div>
    <div
      aria-expanded={null}
      className="collapse"
    >
      <div
        className="card-body"
      >
        <div
          className="flex-column nav card-header-undefined"
          onKeyDown={[Function]}
        >
          <a
            aria-current={null}
            href="/console/courses/manage"
            onClick={[Function]}
          >
            Manage
          </a>
        </div>
      </div>
    </div>
  </div>
</div>
`;
