// Jest Snapshot v1, https://goo.gl/fbAQLP

exports[`renders without crashing 1`] = `
<div
  className="content-page"
>
  <div
    className="title-container"
  >
    <h1 />
  </div>
  <div
    className="content-page-container"
  >
    <div
      className="content-page-content row"
    />
  </div>
</div>
`;
